{
    "UserId": "<REDACTED>",
    "Account": "",
    "Arn": "arn:aws:iam:::user/tdl-devops"
}
